// Jest Snapshot v1, https://goo.gl/fbAQLP

exports[`PaperTransactionHistory should render 1`] = `
<DocumentFragment>
  <div
    class="d-none"
  >
    <div>
      <div
        class="sc-bdfBQB dxnWgn"
      >
        <div
          class="sc-bdfBQB dxnWgn"
        >
          <div
            class="text-center"
          >
            <small>
              <h4
                class="brand"
              >
                Luminous
              </h4>
            </small>
            <h4>
              TRANSACTION HISTORY
            </h4>
          </div>
        </div>
        <div
          class="sc-bdfBQB dxnWgn pt-3"
        >
          <div
            class="sc-gsTEea bjzFuM"
          >
            <strong>
              Unit Number: 
            </strong>
            G-111
          </div>
          <small>
            <div
              class="sc-gsTEea bjzFuM"
            >
              <strong>
                Address: 
              </strong>
              Pasig City Philippines
            </div>
          </small>
          <small>
            <div
              class="sc-gsTEea bjzFuM"
            >
              <strong>
                Floor area: 
              </strong>
              33.1
            </div>
          </small>
          <hr />
        </div>
        <div
          class="sc-bdfBQB dxnWgn pt-3"
        >
          <div
            class="sc-gsTEea bjzFuM"
          >
            <strong>
              Transaction History for: 
            </strong>
            2022
          </div>
          <hr />
        </div>
        <div
          class="sc-bdfBQB dxnWgn"
        >
          <div
            class="text-right mb-3 container"
          >
            <div
              class="row"
            >
              <div
                class="col"
              >
                <div
                  class="text-center"
                >
                  <span
                    class="badge badge-pill badge-danger"
                  >
                    previous balance
                  </span>
                  <h4>
                    <span
                      class="currency"
                    >
                      0
                    </span>
                  </h4>
                </div>
              </div>
              <div
                class="col"
              >
                <div
                  class="text-center"
                >
                  <span
                    class="badge badge-pill badge-info"
                  >
                    running balance
                  </span>
                  <h4>
                    <span
                      class="currency"
                    >
                      0
                    </span>
                  </h4>
                </div>
              </div>
            </div>
          </div>
          <div
            class="list-group"
          >
            <div
              class="list-group-item"
            >
              <div
                class="p-0 m-0 container"
              >
                <div
                  class="row"
                >
                  <div
                    class="col-md-2"
                  >
                    <div>
                      <h5>
                        JAN
                      </h5>
                    </div>
                  </div>
                  <div
                    class="col"
                  >
                    <div
                      class="list-group"
                    >
                      <div
                        class="p-2 list-group-item"
                      >
                        <small>
                          <div
                            class="d-inline pr-2"
                          >
                            <span
                              class="text-muted pr-2"
                            >
                              Charged
                            </span>
                            <strong>
                              ESTATE DUES
                            </strong>
                          </div>
                          <div
                            class="d-inline pr-2"
                          >
                            <span
                              class="text-muted pr-2"
                            >
                              with an amount of
                            </span>
                            <strong>
                              1000
                            </strong>
                          </div>
                        </small>
                      </div>
                      <div
                        class="p-2 list-group-item"
                      >
                        <small>
                          <div
                            class="d-inline pr-2"
                          >
                            <strong>
                              <span
                                class="text-muted pr-2"
                              >
                                OR#
                              </span>
                              OR#1
                            </strong>
                          </div>
                          <div
                            class="d-inline pr-2"
                          >
                            <span
                              class="text-muted pr-2"
                            >
                              received
                            </span>
                            <strong>
                              cash
                            </strong>
                          </div>
                          <div
                            class="d-inline pr-2"
                          >
                            <span
                              class="text-muted pr-2"
                            >
                              with an amount of
                            </span>
                            <strong>
                              <span
                                class="currency text-success"
                              >
                                1,000
                              </span>
                            </strong>
                          </div>
                        </small>
                      </div>
                    </div>
                  </div>
                </div>
              </div>
            </div>
            <div
              class="list-group-item"
            >
              <div
                class="p-0 m-0 container"
              >
                <div
                  class="row"
                >
                  <div
                    class="col-md-2"
                  >
                    <div>
                      <h5>
                        FEB
                      </h5>
                    </div>
                  </div>
                  <div
                    class="col"
                  >
                    <div
                      class="list-group"
                    >
                      <div
                        class="p-2 list-group-item"
                      >
                        <small>
                          <div
                            class="d-inline pr-2"
                          >
                            <strong>
                              <span
                                class="text-muted pr-2"
                              >
                                OR#
                              </span>
                              OR#2
                            </strong>
                          </div>
                          <div
                            class="d-inline pr-2"
                          >
                            <span
                              class="text-muted pr-2"
                            >
                              received
                            </span>
                            <strong>
                              check
                            </strong>
                          </div>
                          <div
                            class="d-inline pr-2"
                          >
                            <span
                              class="text-muted pr-2"
                            >
                              with an amount of
                            </span>
                            <strong>
                              <span
                                class="currency text-success"
                              >
                                1,000
                              </span>
                            </strong>
                          </div>
                          <div
                            class="text-muted"
                          >
                            <small
                              class="pr-3"
                            >
                              <span>
                                Bank of America
                              </span>
                            </small>
                            <small
                              class="pr-3"
                            >
                              <span>
                                BA-123-123
                              </span>
                            </small>
                            <small>
                              <span>
                                2022-02-28
                              </span>
                            </small>
                          </div>
                        </small>
                      </div>
                    </div>
                  </div>
                </div>
              </div>
            </div>
          </div>
        </div>
      </div>
    </div>
  </div>
</DocumentFragment>
`;
